Flow report for exercise2
Sun Sep 29 17:44:30 2024
Quartus II Version 9.1 Build 222 10/21/2009 SJ Full Version


---------------------
; Table of Contents ;
---------------------
  1. Legal Notice
  2. Flow Summary
  3. Flow Settings
  4. Flow Non-Default Global Settings
  5. Flow Elapsed Time
  6. Flow OS Summary
  7. Flow Log



----------------
; Legal Notice ;
----------------
Copyright (C) 1991-2009 Altera Corporation
Your use of Altera Corporation's design tools, logic functions 
and other software and tools, and its AMPP partner logic 
functions, and any output files from any of the foregoing 
(including device programming or simulation files), and any 
associated documentation or information are expressly subject 
to the terms and conditions of the Altera Program License 
Subscription Agreement, Altera MegaCore Function License 
Agreement, or other applicable license agreement, including, 
without limitation, that your use is for the sole purpose of 
programming logic devices manufactured by Altera and sold by 
Altera or its authorized distributors.  Please refer to the 
applicable agreement for further details.



+--------------------------------------------------------------------------+
; Flow Summary                                                             ;
+-------------------------------+------------------------------------------+
; Flow Status                   ; Successful - Sun Sep 29 17:44:30 2024    ;
; Quartus II Version            ; 9.1 Build 222 10/21/2009 SJ Full Version ;
; Revision Name                 ; exercise2                                ;
; Top-level Entity Name         ; Register_2                               ;
; Family                        ; Stratix II                               ;
; Met timing requirements       ; Yes                                      ;
; Logic utilization             ; < 1 %                                    ;
;     Combinational ALUTs       ; 16 / 12,480 ( < 1 % )                    ;
;     Dedicated logic registers ; 56 / 12,480 ( < 1 % )                    ;
; Total registers               ; 56                                       ;
; Total pins                    ; 81 / 343 ( 24 % )                        ;
; Total virtual pins            ; 0                                        ;
; Total block memory bits       ; 0 / 419,328 ( 0 % )                      ;
; DSP block 9-bit elements      ; 1 / 96 ( 1 % )                           ;
; Total PLLs                    ; 0 / 6 ( 0 % )                            ;
; Total DLLs                    ; 0 / 2 ( 0 % )                            ;
; Device                        ; EP2S15F484C3                             ;
; Timing Models                 ; Final                                    ;
+-------------------------------+------------------------------------------+


+-----------------------------------------+
; Flow Settings                           ;
+-------------------+---------------------+
; Option            ; Setting             ;
+-------------------+---------------------+
; Start date & time ; 09/29/2024 17:44:26 ;
; Main task         ; Compilation         ;
; Revision Name     ; exercise2           ;
+-------------------+---------------------+


+-----------------------------------------------------------------------------------------------------+
; Flow Non-Default Global Settings                                                                    ;
+------------------------+---------------------------------+---------------+-------------+------------+
; Assignment Name        ; Value                           ; Default Value ; Entity Name ; Section Id ;
+------------------------+---------------------------------+---------------+-------------+------------+
; COMPILER_SIGNATURE_ID  ; 127913727747984.172760666629644 ; --            ; --          ; --         ;
; PARTITION_COLOR        ; 16764057                        ; --            ; Register_2  ; Top        ;
; PARTITION_NETLIST_TYPE ; SOURCE                          ; --            ; Register_2  ; Top        ;
; TOP_LEVEL_ENTITY       ; Register_2                      ; exercise2     ; --          ; --         ;
+------------------------+---------------------------------+---------------+-------------+------------+


+-----------------------------------------------------------------------------------------------------------------------------+
; Flow Elapsed Time                                                                                                           ;
+-------------------------+--------------+-------------------------+---------------------+------------------------------------+
; Module Name             ; Elapsed Time ; Average Processors Used ; Peak Virtual Memory ; Total CPU Time (on all processors) ;
+-------------------------+--------------+-------------------------+---------------------+------------------------------------+
; Analysis & Synthesis    ; 00:00:00     ; 1.0                     ; 227 MB              ; 00:00:00                           ;
; Fitter                  ; 00:00:01     ; 3.4                     ; 338 MB              ; 00:00:01                           ;
; Assembler               ; 00:00:00     ; 1.0                     ; 191 MB              ; 00:00:00                           ;
; Classic Timing Analyzer ; 00:00:00     ; 1.0                     ; 177 MB              ; 00:00:00                           ;
; Total                   ; 00:00:01     ; --                      ; --                  ; 00:00:01                           ;
+-------------------------+--------------+-------------------------+---------------------+------------------------------------+


+------------------------------------------------------------------------------------------+
; Flow OS Summary                                                                          ;
+-------------------------+------------------+---------------+------------+----------------+
; Module Name             ; Machine Hostname ; OS Name       ; OS Version ; Processor type ;
+-------------------------+------------------+---------------+------------+----------------+
; Analysis & Synthesis    ; DESKTOP-DP1C76J  ; Windows Vista ; 6.2        ; x86_64         ;
; Fitter                  ; DESKTOP-DP1C76J  ; Windows Vista ; 6.2        ; x86_64         ;
; Assembler               ; DESKTOP-DP1C76J  ; Windows Vista ; 6.2        ; x86_64         ;
; Classic Timing Analyzer ; DESKTOP-DP1C76J  ; Windows Vista ; 6.2        ; x86_64         ;
+-------------------------+------------------+---------------+------------+----------------+


------------
; Flow Log ;
------------
quartus_map --read_settings_files=on --write_settings_files=off exercise2 -c exercise2
quartus_fit --read_settings_files=off --write_settings_files=off exercise2 -c exercise2
quartus_asm --read_settings_files=off --write_settings_files=off exercise2 -c exercise2
quartus_tan --read_settings_files=off --write_settings_files=off exercise2 -c exercise2 --timing_analysis_only



